datasets/sales/raw_sales_data.csv
Year,Category,Units Sold,Unit Price,Total Sales,,,,Unique Catagories, Category wise Sales,Year,Sales
2003,Clothing,5,30,150,Skewness,1.194899008,,,,2006,868
2006,Clothing,6,30,180,,,,,,2009,2068
2001,Clothing,10,20,200,,,,,,,
2002,Clothing,8,25,200,,,,,,,
2009,Clothing,7,30,210,,,,,,,
2005,Clothing,9,25,225,,,,,,,
2004,Clothing,12,20,240,,,,,,,
2008,Clothing,10,25,250,,,,,,,
2007,Clothing,13,20,260,,,,,,,
2004,Electronics,2,200,400,,,,,,,
2002,Electronics,3,150,450,,,,,,,
2001,Electronics,5,100,500,,,,,,,
2005,Electronics,6,100,600,,,,,,,
2006,Electronics,4,150,600,,,,,,,
2008,Electronics,3,200,600,,,,,,,
2009,Electronics,7,100,700,,,,,,,
2003,Electronics,7,120,840,,,,,,,
2007,Electronics,8,120,960,,,,,,,
